src/components/pages/Registry.tsx(215,136): error TS2322: Type '{ value: number; className: string; indicatorClassName: string; }' is not assignable to type 'IntrinsicAttributes & ProgressProps & RefAttributes<HTMLDivElement>'.
  Property 'indicatorClassName' does not exist on type 'IntrinsicAttributes & ProgressProps & RefAttributes<HTMLDivElement>'.
